// Jest Snapshot v1, https://goo.gl/fbAQLP

exports[`dev templates renders bucket template correctly 1`] = `
{
  "Description": "This template creates dev ElasticSearch Cluster",
  "Outputs": {
    "Bucket": {
      "Value": {
        "Ref": "Bucket",
      },
    },
  },
  "Resources": {
    "Bucket": {
      "DeletionPolicy": "Delete",
      "Metadata": {
        "cfn_nag": {
          "rules_to_suppress": [
            {
              "id": "W35",
              "reason": "Access logging is not required for this Bucket.",
            },
          ],
        },
      },
      "Properties": {
        "BucketEncryption": {
          "ServerSideEncryptionConfiguration": [
            {
              "ServerSideEncryptionByDefault": {
                "SSEAlgorithm": "AES256",
              },
            },
          ],
        },
        "PublicAccessBlockConfiguration": {
          "BlockPublicAcls": true,
          "BlockPublicPolicy": true,
          "IgnorePublicAcls": true,
          "RestrictPublicBuckets": true,
        },
        "VersioningConfiguration": {
          "Status": "Enabled",
        },
      },
      "Type": "AWS::S3::Bucket",
    },
    "CFNLambda": {
      "Metadata": {
        "cfn_nag": {
          "rules_to_suppress": [
            {
              "id": "W92",
              "reason": "This lambda function does not require to have ReservedConcurrentExecutions",
            },
          ],
        },
      },
      "Properties": {
        "Code": {
          "S3Bucket": undefined,
          "S3Key": {
            "Fn::Join": [
              "",
              [
                undefined,
                "/lambda/cfn.zip",
              ],
            ],
          },
        },
        "Environment": {
          "Variables": {
            "SOLUTION_ID": "SO0189",
            "SOLUTION_VERSION": "vx.x.x",
          },
        },
        "Handler": "index.handler",
        "MemorySize": "128",
        "Role": {
          "Fn::GetAtt": [
            "CFNLambdaRole",
            "Arn",
          ],
        },
        "Runtime": "nodejs",
        "Timeout": 60,
      },
      "Type": "AWS::Lambda::Function",
    },
    "CFNLambdaPolicy": {
      "Properties": {
        "PolicyDocument": {
          "Statement": [
            {
              "Action": [
                "s3:ListBucketVersions",
                "s3:PutBucketNotification",
                "s3:PutObject",
                "s3:GetObject",
                "s3:DeleteObjectVersion",
                "s3:DeleteObject",
                "s3:GetObjectVersion",
              ],
              "Effect": "Allow",
              "Resource": [
                {
                  "Fn::Sub": "arn:aws:s3:::\${Bucket}*",
                },
              ],
              "Sid": "CFNLambdaS3Access",
            },
          ],
          "Version": "2012-10-17",
        },
      },
      "Type": "AWS::IAM::ManagedPolicy",
    },
    "CFNLambdaRole": {
      "Metadata": {
        "cfn_nag": {
          "rules_to_suppress": [
            {
              "id": "W11",
              "reason": "This IAM role requires to have * resource on its permission policy",
            },
            {
              "id": "F3",
              "reason": "This role policy is required to have * action in its policy",
            },
          ],
        },
      },
      "Properties": {
        "AssumeRolePolicyDocument": {
          "Statement": [
            {
              "Action": "sts:AssumeRole",
              "Effect": "Allow",
              "Principal": {
                "Service": "lambda.amazonaws.com",
              },
            },
          ],
          "Version": "2012-10-17",
        },
        "ManagedPolicyArns": [
          {
            "Ref": "CFNLambdaPolicy",
          },
        ],
        "Path": "/",
        "Policies": [
          {
            "PolicyDocument": {
              "Statement": [
                {
                  "Action": [
                    "logs:CreateLogGroup",
                    "logs:CreateLogStream",
                    "logs:PutLogEvents",
                  ],
                  "Effect": "Allow",
                  "Resource": {
                    "Fn::Join": [
                      "",
                      [
                        "arn:",
                        {
                          "Ref": "AWS::Partition",
                        },
                        ":logs:",
                        {
                          "Ref": "AWS::Region",
                        },
                        ":",
                        {
                          "Ref": "AWS::AccountId",
                        },
                        ":log-group:/aws/lambda/*",
                      ],
                    ],
                  },
                },
              ],
              "Version": "2012-10-17",
            },
            "PolicyName": "LambdaFunctionServiceRolePolicy",
          },
        ],
      },
      "Type": "AWS::IAM::Role",
    },
    "Clear": {
      "DependsOn": [
        "CFNLambdaPolicy",
      ],
      "Properties": {
        "Bucket": {
          "Ref": "Bucket",
        },
        "ServiceToken": {
          "Fn::GetAtt": [
            "CFNLambda",
            "Arn",
          ],
        },
      },
      "Type": "Custom::S3Clear",
    },
  },
}
`;
